// Jest Snapshot v1, https://goo.gl/fbAQLP

exports[`Snapshot 1`] = `
<div>
  <div>
    <p>
      HogeHogeSnap
    </p>
  </div>
</div>
`;
